
HEIMDAL_BASE_1.0 {
	global:
		__bsearch_file;
		__bsearch_file_close;
		__bsearch_file_info;
		__bsearch_file_open;
		__bsearch_text;
		__heim_string_constant;
		heim_abort;
		heim_alloc;
		heim_array_append_value;
		heim_array_create;
		heim_array_delete_value;
		heim_array_get_length;
		heim_array_get_type_id;
		heim_array_get_value;
		heim_array_iterate_f;
		heim_auto_release;
		heim_auto_release_create;
		heim_auto_release_drain;
		heim_base_once_f;
		heim_bool_create;
		heim_bool_val;
		heim_cmp;
		heim_dict_create;
		heim_dict_delete_key;
		heim_dict_get_type_id;
		heim_dict_get_value;
		heim_dict_iterate_f;
		heim_dict_set_value;
		heim_error_append;
		heim_error_copy_string;
		heim_error_create;
		heim_error_createv;
		heim_error_get_code;
		heim_get_tid;
		heim_json_create;
		heim_json_create_with_bytes;
		heim_number_create;
		heim_number_get_int;
		heim_number_get_type_id;
		heim_release;
		heim_retain;
		heim_show;
		heim_string_create;
		heim_string_create_with_bytes;
		heim_string_get_type_id;
		heim_string_get_utf8;
	local:
		*;
};
